
Roles5.hs:3:8:
    Illegal role annotation
    Perhaps you intended to use RoleAnnotations
    In the data type declaration for ‛T’

Roles5.hs:4:9:
    Illegal role annotation
    Perhaps you intended to use RoleAnnotations
    In the declaration for class C

Roles5.hs:5:8:
    Illegal role annotation
    Perhaps you intended to use RoleAnnotations
    In the declaration for type synonym ‛S’
