Age 1
1
Foo (Age 1)
Foo (Age 1)
Foo (Age 1)
(Baz (Bar (Age 1)),Baz (Bar (Age 1)))
Map 1 (Age 1)
First {getFirst = Just 1}
Last {getLast = Nothing}
