
TcCoercibleFail2.hs:3:10:
    Manual instances forbidden for abstact class Coercible
    In the instance declaration for ‛Coercible () ()’
