
TcCoercibleFailSafe.hs:9:8:
    No instance for (Coercible (Down Age) (Down Int))
      because the constructor of ‛Down’ is not imported
      as required in SafeHaskell mode
      arising from a use of ‛coerce’
    In the expression: coerce
    In an equation for ‛foo1’: foo1 = coerce
