
tcfail170.hs:7:10:
    Illegal instance declaration for ‛C [p] [q]’
      (the Coverage Condition fails for one of the functional dependencies;
       Use UndecidableInstances to permit this)
    In the instance declaration for ‛C [p] [q]’
